2025-10-08 — PAYROLL DEP - HORIZON TECH ($3,250.00)
2025-10-05 — ZELLE TO ALEX R ($-120.45)
2025-10-04 — COFFEE ROASTERS ($-5.85)

